// Jest Snapshot v1, https://goo.gl/fbAQLP

exports[`Renders Calcu component 1`] = `
<section
  className="calculator"
>
  <div
    className="div-container"
  >
    <div
      className="screen"
    >
      <span>
        0
      </span>
    </div>
    <div
      className="buttons"
    >
      <button
        className="btn"
        onClick={[Function]}
        type="button"
      >
        AC
      </button>
      <button
        className="btn"
        onClick={[Function]}
        type="button"
      >
        +/-
      </button>
      <button
        className="btn"
        onClick={[Function]}
        type="button"
      >
        %
      </button>
      <button
        className="btn-symbol"
        onClick={[Function]}
        type="button"
      >
        <span>
          รท
        </span>
      </button>
      <button
        className="btn"
        onClick={[Function]}
        type="button"
      >
        7
      </button>
      <button
        className="btn"
        onClick={[Function]}
        type="button"
      >
        8
      </button>
      <button
        className="btn"
        onClick={[Function]}
        type="button"
      >
        9
      </button>
      <button
        className="btn-symbol"
        onClick={[Function]}
        type="button"
      >
        x
      </button>
      <button
        className="btn"
        onClick={[Function]}
        type="button"
      >
        4
      </button>
      <button
        className="btn"
        onClick={[Function]}
        type="button"
      >
        5
      </button>
      <button
        className="btn"
        onClick={[Function]}
        type="button"
      >
        6
      </button>
      <button
        className="btn-symbol"
        onClick={[Function]}
        type="button"
      >
        -
      </button>
      <button
        className="btn"
        onClick={[Function]}
        type="button"
      >
        1
      </button>
      <button
        className="btn"
        onClick={[Function]}
        type="button"
      >
        2
      </button>
      <button
        className="btn"
        onClick={[Function]}
        type="button"
      >
        3
      </button>
      <button
        className="btn-symbol"
        onClick={[Function]}
        type="button"
      >
        +
      </button>
      <button
        className="zero"
        onClick={[Function]}
        type="button"
      >
        0
      </button>
      <button
        className="btn"
        onClick={[Function]}
        type="button"
      >
        .
      </button>
      <button
        className="btn-symbol"
        onClick={[Function]}
        type="button"
      >
        =
      </button>
    </div>
  </div>
</section>
`;

exports[`Renders Calculator component 1`] = `
<section
  className="calculator"
>
  <div
    className="div-container"
  >
    <div
      className="screen"
    >
      <span>
        0
      </span>
    </div>
    <div
      className="buttons"
    >
      <button
        className="btn"
        onClick={[Function]}
        type="button"
      >
        AC
      </button>
      <button
        className="btn"
        onClick={[Function]}
        type="button"
      >
        +/-
      </button>
      <button
        className="btn"
        onClick={[Function]}
        type="button"
      >
        %
      </button>
      <button
        className="btn-symbol"
        onClick={[Function]}
        type="button"
      >
        <span>
          รท
        </span>
      </button>
      <button
        className="btn"
        onClick={[Function]}
        type="button"
      >
        7
      </button>
      <button
        className="btn"
        onClick={[Function]}
        type="button"
      >
        8
      </button>
      <button
        className="btn"
        onClick={[Function]}
        type="button"
      >
        9
      </button>
      <button
        className="btn-symbol"
        onClick={[Function]}
        type="button"
      >
        x
      </button>
      <button
        className="btn"
        onClick={[Function]}
        type="button"
      >
        4
      </button>
      <button
        className="btn"
        onClick={[Function]}
        type="button"
      >
        5
      </button>
      <button
        className="btn"
        onClick={[Function]}
        type="button"
      >
        6
      </button>
      <button
        className="btn-symbol"
        onClick={[Function]}
        type="button"
      >
        -
      </button>
      <button
        className="btn"
        onClick={[Function]}
        type="button"
      >
        1
      </button>
      <button
        className="btn"
        onClick={[Function]}
        type="button"
      >
        2
      </button>
      <button
        className="btn"
        onClick={[Function]}
        type="button"
      >
        3
      </button>
      <button
        className="btn-symbol"
        onClick={[Function]}
        type="button"
      >
        +
      </button>
      <button
        className="zero"
        onClick={[Function]}
        type="button"
      >
        0
      </button>
      <button
        className="btn"
        onClick={[Function]}
        type="button"
      >
        .
      </button>
      <button
        className="btn-symbol"
        onClick={[Function]}
        type="button"
      >
        =
      </button>
    </div>
  </div>
</section>
`;

exports[`Renders Home component 1`] = `
<section
  className="calculator"
>
  <div
    className="div-container"
  >
    <div
      className="screen"
    >
      <span>
        0
      </span>
    </div>
    <div
      className="buttons"
    >
      <button
        className="btn"
        onClick={[Function]}
        type="button"
      >
        AC
      </button>
      <button
        className="btn"
        onClick={[Function]}
        type="button"
      >
        +/-
      </button>
      <button
        className="btn"
        onClick={[Function]}
        type="button"
      >
        %
      </button>
      <button
        className="btn-symbol"
        onClick={[Function]}
        type="button"
      >
        <span>
          รท
        </span>
      </button>
      <button
        className="btn"
        onClick={[Function]}
        type="button"
      >
        7
      </button>
      <button
        className="btn"
        onClick={[Function]}
        type="button"
      >
        8
      </button>
      <button
        className="btn"
        onClick={[Function]}
        type="button"
      >
        9
      </button>
      <button
        className="btn-symbol"
        onClick={[Function]}
        type="button"
      >
        x
      </button>
      <button
        className="btn"
        onClick={[Function]}
        type="button"
      >
        4
      </button>
      <button
        className="btn"
        onClick={[Function]}
        type="button"
      >
        5
      </button>
      <button
        className="btn"
        onClick={[Function]}
        type="button"
      >
        6
      </button>
      <button
        className="btn-symbol"
        onClick={[Function]}
        type="button"
      >
        -
      </button>
      <button
        className="btn"
        onClick={[Function]}
        type="button"
      >
        1
      </button>
      <button
        className="btn"
        onClick={[Function]}
        type="button"
      >
        2
      </button>
      <button
        className="btn"
        onClick={[Function]}
        type="button"
      >
        3
      </button>
      <button
        className="btn-symbol"
        onClick={[Function]}
        type="button"
      >
        +
      </button>
      <button
        className="zero"
        onClick={[Function]}
        type="button"
      >
        0
      </button>
      <button
        className="btn"
        onClick={[Function]}
        type="button"
      >
        .
      </button>
      <button
        className="btn-symbol"
        onClick={[Function]}
        type="button"
      >
        =
      </button>
    </div>
  </div>
</section>
`;

exports[`Renders calculator component 1`] = `
<section
  className="calculator"
>
  <div
    className="div-container"
  >
    <div
      className="screen"
    >
      <span>
        0
      </span>
    </div>
    <div
      className="buttons"
    >
      <button
        className="btn"
        onClick={[Function]}
        type="button"
      >
        AC
      </button>
      <button
        className="btn"
        onClick={[Function]}
        type="button"
      >
        +/-
      </button>
      <button
        className="btn"
        onClick={[Function]}
        type="button"
      >
        %
      </button>
      <button
        className="btn-symbol"
        onClick={[Function]}
        type="button"
      >
        <span>
          รท
        </span>
      </button>
      <button
        className="btn"
        onClick={[Function]}
        type="button"
      >
        7
      </button>
      <button
        className="btn"
        onClick={[Function]}
        type="button"
      >
        8
      </button>
      <button
        className="btn"
        onClick={[Function]}
        type="button"
      >
        9
      </button>
      <button
        className="btn-symbol"
        onClick={[Function]}
        type="button"
      >
        x
      </button>
      <button
        className="btn"
        onClick={[Function]}
        type="button"
      >
        4
      </button>
      <button
        className="btn"
        onClick={[Function]}
        type="button"
      >
        5
      </button>
      <button
        className="btn"
        onClick={[Function]}
        type="button"
      >
        6
      </button>
      <button
        className="btn-symbol"
        onClick={[Function]}
        type="button"
      >
        -
      </button>
      <button
        className="btn"
        onClick={[Function]}
        type="button"
      >
        1
      </button>
      <button
        className="btn"
        onClick={[Function]}
        type="button"
      >
        2
      </button>
      <button
        className="btn"
        onClick={[Function]}
        type="button"
      >
        3
      </button>
      <button
        className="btn-symbol"
        onClick={[Function]}
        type="button"
      >
        +
      </button>
      <button
        className="zero"
        onClick={[Function]}
        type="button"
      >
        0
      </button>
      <button
        className="btn"
        onClick={[Function]}
        type="button"
      >
        .
      </button>
      <button
        className="btn-symbol"
        onClick={[Function]}
        type="button"
      >
        =
      </button>
    </div>
  </div>
</section>
`;
